* Detected CPU: AMD Ryzen 9 5950X 16-Core Processor [AuthenticAMD], F15/M1/S0, 3392.00 mhz, 28-clk 'rdtsc'
* CPU features: RDTSC, MMX, SSE, SSE2, SSE3, SSSE3, SSE4.1, SSE4.2
* CPU cores/threads: 32/32

Initializing File System...
FS: 125 files cached 0 archives, 128Kb memory used.
Init FileSystem 0.002078 sec
Processing folder: ''
-f: cmakelists.txt
+F: configs\
+F: configs\text\
+F: configs\text\eng\
+F: configs\text\rus\
+F: configs\ui\
+F: configs\unlocalizers\
+F: materials\
+F: scripts\
+F: shaders\
+F: shaders\r2\
+F: shaders\r3\
+F: textures\
+F: textures\ui\
configs\mod_script_dxml.ltx                                                        - No compression (R)
configs\mod_system_base_hud.ltx                                                    - OK (46.1%)
configs\mod_system_flashlight_definition.ltx                                       - No compression (R)
configs\mod_system_knife.ltx                                                       - No compression (R)
configs\mod_system_shader_crosshair.ltx                                            - No compression (R)
configs\mod_system_spawn_antifreeze_ignore.ltx                                     - No compression (R)
configs\patrol_paths.ltx                                                           - No compression (R)
configs\text\eng\ui_mm_modded_exes.xml                                             - OK (21.1%)
configs\text\rus\ui_mm_modded_exes.xml                                             - OK (23.4%)
configs\ui\ui_ctrl_hdr.xml                                                         - No compression (R)
configs\ui\ui_ctrl_hdr_16.xml                                                      - OK (46.5%)
configs\unlocalizers\unlocalizer_modded_exes_axr_trade_manager.ltx                 - No compression (R)
configs\unlocalizers\unlocalizer_modded_exes_global.ltx                            - No compression (R)
configs\unlocalizers\unlocalizer_modded_exes_item_device_script_fixes.ltx          - No compression (R)
configs\unlocalizers\unlocalizer_modded_exes_item_weapon.ltx                       - No compression (R)
configs\unlocalizers\unlocalizer_modded_exes_pda.ltx                               - OK (51.3%)
configs\unlocalizers\unlocalizer_modded_exes_utils_item.ltx                        - No compression (R)
configs\unlocalizers\unlocalizer_modded_exes_xrs_facer_script_fixes.ltx            - No compression (R)
configs\unlocalizers\unlocalizer_test.ltx                                          - OK (50.0%)
configs\unlocalizers\unlocalizer_ui_options.ltx                                    - No compression (R)
materials\material_pairs.ltx                                                       - OK (41.1%)
materials\materials.ltx                                                            - OK (35.6%)
scripts\#ltx_help_ex.script#                                                       - No compression
scripts\_g_patches.script                                                          - OK (32.4%)
scripts\aaa_sound_object_patch.script                                              - OK (47.7%)
scripts\aaaa_script_fixes_mp.script                                                - OK (30.9%)
scripts\axr_beh_patches.script                                                     - OK (29.4%)
scripts\callbacks_gameobject.script                                                - OK (35.7%)
scripts\class_registrator_modded_exes.script                                       - OK (40.8%)
scripts\dxml_core.script                                                           - OK (28.4%)
scripts\fakelens.script                                                            - OK (68.0%)
scripts\imgui_helper.script                                                        - OK (29.1%)
scripts\ltx_help_ex.script                                                         - OK (44.1%)
scripts\lua_help_ex.script                                                         - OK (29.2%)
scripts\lua_help_imgui.script                                                      - OK (29.9%)
scripts\modded_exes_migration.script                                               - OK (59.8%)
scripts\modxml_inject_keybinds.script                                              - OK (27.7%)
scripts\modxml_test.script                                                         - OK (61.2%)
scripts\options_builder.script                                                     - OK (33.2%)
scripts\options_modded_exes.script                                                 - OK (44.9%)
scripts\options_modded_exes_3d_ballistics.script                                   - OK (54.1%)
scripts\options_modded_exes_3d_scopes.script                                       - OK (35.8%)
scripts\options_modded_exes_aim.script                                             - OK (63.4%)
scripts\options_modded_exes_camera.script                                          - OK (83.9%)
scripts\options_modded_exes_control.script                                         - OK (57.0%)
scripts\options_modded_exes_crash_saves.script                                     - OK (77.2%)
scripts\options_modded_exes_crosshair.script                                       - OK (20.4%)
scripts\options_modded_exes_debug.script                                           - OK (81.5%)
scripts\options_modded_exes_doppler.script                                         - OK (71.1%)
scripts\options_modded_exes_first_person_death.script                              - OK (59.3%)
scripts\options_modded_exes_gameplay.script                                        - OK (53.6%)
scripts\options_modded_exes_hdr10.script                                           - OK (28.2%)
scripts\options_modded_exes_keyboard.script                                        - OK (87.7%)
scripts\options_modded_exes_logging.script                                         - OK (73.7%)
scripts\options_modded_exes_monsters.script                                        - OK (73.0%)
scripts\options_modded_exes_mouse.script                                           - OK (64.1%)
scripts\options_modded_exes_optimizations.script                                   - OK (64.5%)
scripts\options_modded_exes_particles.script                                       - OK (76.2%)
scripts\options_modded_exes_pda.script                                             - OK (75.9%)
scripts\options_modded_exes_saves.script                                           - OK (77.8%)
scripts\options_modded_exes_sound.script                                           - OK (81.1%)
scripts\options_modded_exes_ui_hud.script                                          - OK (82.9%)
scripts\options_modded_exes_visual.script                                          - OK (49.3%)
scripts\options_modded_exes_wallmarks.script                                       - OK (67.6%)
scripts\scoperadii.script                                                          - OK (30.8%)
scripts\slaxml.script                                                              - OK (30.0%)
scripts\true_first_person_death.script                                             - OK (35.4%)
scripts\ui_options_modded_exes.script                                              - OK (61.2%)
shaders\r2\combine_2_naa.ps                                                        - No compression
shaders\r2\fakescope.ps                                                            - No compression
shaders\r2\heatvision.ps                                                           - No compression
shaders\r3\combine_2_naa.ps                                                        - No compression
shaders\r3\common_functions.h                                                      - No compression
shaders\r3\deffer_tree_branch_bump-hq.vs                                           - No compression
shaders\r3\deffer_tree_branch_bump_d-hq.vs                                         - No compression
shaders\r3\deffer_tree_branch_flat.vs                                              - No compression
shaders\r3\editor.vs                                                               - No compression
shaders\r3\effects_sun.ps                                                          - No compression
shaders\r3\effects_sun.s                                                           - No compression
shaders\r3\fakescope.ps                                                            - No compression
shaders\r3\hdr10.h                                                                 - No compression
shaders\r3\hdr10_bloom.h                                                           - No compression
shaders\r3\hdr10_bloom_blur.ps                                                     - No compression
shaders\r3\hdr10_bloom_downsample.ps                                               - No compression
shaders\r3\hdr10_bloom_upsample.ps                                                 - No compression
shaders\r3\hdr10_lens_flare.h                                                      - No compression
shaders\r3\hdr10_lens_flare_blur.ps                                                - No compression
shaders\r3\hdr10_lens_flare_downsample.ps                                          - No compression
shaders\r3\hdr10_lens_flare_fgen.ps                                                - No compression
shaders\r3\hdr10_lens_flare_upsample.ps                                            - No compression
shaders\r3\hud_cursor.s                                                            - No compression
shaders\r3\hud_default.ps                                                          - No compression
shaders\r3\hud_default.s                                                           - ALIAS (E:\xray-monolith\gamedata\shaders\r3\hud_cursor.s)
shaders\r3\hud_font.ps                                                             - No compression
shaders\r3\models_selflight_det.s                                                  - No compression
shaders\r3\night_vision.h                                                          - No compression
shaders\r3\postprocess.ps                                                          - No compression
shaders\r3\postprocess_cm.ps                                                       - No compression
shaders\r3\simple_color.ps                                                         - No compression
shaders\r3\yuv2rgb.ps                                                              - No compression
textures\ui\cursor_cross.dds                                                       - OK (4.2%)
textures\ui\cursor_dot.dds                                                         - OK (9.3%)
textures\ui\cursor_plus.dds                                                        - OK (3.7%)
...Writing pack desc
Data size: 235609. Desc size: 5882.
Pack saved.
 
 
Files total/skipped/No compression/aliased: 103/0/46/1
Overal: 230K/1177K, 19.5%
Elapsed time: 0:0
Compression speed: 1.$ Mb/s
 

